// Vitest Snapshot v1

exports[`Landing Page > Should render Landing Page 1`] = `
<DocumentFragment>
  <div
    class="sc-Dmqmp kLSbKm"
  />
  <div
    class="sc-jZatrU fqxmrO"
  />
  <div
    class="sc-bhNKFk fVJBoT"
    height="768"
  >
    <div
      class="sc-eGJbfJ"
    >
      <div
        class="sc-ehvNnt gdyDwK"
      >
        <nav
          class="sc-cUEOzv iMOXCL"
        >
          <section
            class="sc-jOiSOi hqHWtC"
          >
            <section
              class="sc-bCfvAP bQUSXC"
            >
              <a
                class="sc-lllmON"
                href="https://twitter.com/price_oracle"
                rel="noopener noreferrer"
                target="_blank"
              >
                <div
                  class="sc-iBYQkv sc-jrcTuL blHKRc epIsAC sc-iJnaPW"
                  color="rgba(255,255,255, 0.87)"
                >
                   
                  <i
                    class="sc-hBxehG eNrQxx picon-twitter"
                    color="#fff"
                    name="twitter"
                  />
                </div>
              </a>
            </section>
            <section
              class="sc-bCfvAP bQUSXC"
            >
              <div
                class="sc-dIfARi fqNnZh"
                font-size="1.6rem"
              >
                <i
                  class="sc-hBxehG eNrQxx picon-sun"
                  color="#fff"
                  name="sun"
                />
              </div>
            </section>
          </section>
        </nav>
        <div
          class="sc-laZRCg sc-fXqpFg sc-ZqFbI kdseYZ iEvbfh dHrdMs"
        />
        <div
          class="sc-laZRCg sc-GhhNo sc-jNJNQp kdseYZ kWLELL bVsNaG"
        />
        <div
          class="sc-laZRCg sc-ckEbSK sc-hlLBRy kdseYZ hDDQrK iWReHi"
        />
        <div
          class="sc-laZRCg sc-gGvHcT sc-eKJbhj kdseYZ bGEcwo ktKtsI"
        />
        <div
          class="sc-laZRCg sc-dwnOUR sc-bTTELM kdseYZ cywgfS lhuqKc"
        />
        <div
          class="sc-laZRCg sc-ckEbSK sc-kImNAt kdseYZ hDDQrK iCGgIZ"
        />
        <div
          class="sc-laZRCg sc-fbYMXx sc-hOzowv kdseYZ daqgVt bdiXWZ"
        />
        <div
          class="sc-laZRCg sc-UpCWa sc-dsHJmm kdseYZ liuvrX dUjruF"
        />
        <div
          class="sc-laZRCg sc-fXqpFg sc-cZFQFd kdseYZ iEvbfh dOmbik"
        />
        <div
          class="sc-laZRCg sc-GhhNo sc-jTjUTQ kdseYZ kWLELL hooOVn"
        />
        <div
          class="sc-laZRCg sc-ckEbSK sc-jRwbcX kdseYZ hDDQrK isGuhA"
        />
        <div
          class="sc-laZRCg sc-dwnOUR sc-fvEvSO kdseYZ cywgfS kqxAzw"
        />
        <div
          class="sc-laZRCg sc-UpCWa sc-fcCDlF kdseYZ liuvrX jasSjv"
        />
        <div
          class="sc-laZRCg sc-ckEbSK sc-GKYbw kdseYZ hDDQrK dTcroY"
        />
        <div
          class="sc-laZRCg sc-fXqpFg sc-gsGlKL kdseYZ iEvbfh cglzSD"
        />
        <div
          class="sc-laZRCg sc-ckEbSK sc-bWOGAC kdseYZ hDDQrK JoHXB"
        />
        <div
          class="sc-laZRCg sc-gGvHcT sc-eGugkK kdseYZ bGEcwo jPPZye"
        />
      </div>
    </div>
    <div
      class="sc-hAQmFe bNiBOZ"
    >
      <img
        alt="Price logo"
        class="sc-iveFHk sc-bQmOxr hpkodg jFSHgK"
        src="/src/assets/logo-big-light.svg"
      />
      <div
        class="sc-EJAja gkkOMB"
      >
        <div
          class="sc-iBYQkv sc-pyfCe fBJkCi hMiFgy"
          color="rgba(255,255,255, 0.87)"
        >
          Reliable, secure, and permissionless price oracles for every token.
        </div>
      </div>
      <a
        data-testid="enter-app"
        href="/app/pools"
      >
        <div
          class="sc-jSUZER dotgdq"
        >
          <button
            class="sc-bcXHqe sc-gswNZR sc-dkrFOg ehpQtM dtMsKQ knBdfs sc-gKPRtg iZzqwI sc-fWQKxP sfyBC"
          >
            Enter App
          </button>
        </div>
      </a>
      <div
        class="sc-jGNhvO iJqOoL"
      >
        <a
          class="sc-lllmON"
          href="https://docs.oracles.rip/"
          rel="noopener noreferrer"
          target="_blank"
        >
          <div
            class="sc-iBYQkv sc-jrcTuL blHKRc epIsAC sc-iJnaPW"
            color="rgba(255,255,255, 0.87)"
          >
            Documentation 
            <i
              class="sc-hBxehG eApZoW picon-arrow-up-right"
              color="rgba(255,255,255, 0.87)"
              name="arrow-up-right"
            />
          </div>
        </a>
      </div>
    </div>
    <div
      class="sc-dWRHGJ jtgHGd"
    >
      <div
        class="sc-iBYQkv sc-kDvujY fBJkCi faMXpT"
        color="rgba(255,255,255, 0.87)"
      >
        Made with 🤍 by 
        <a
          class="sc-lllmON"
          href="https://defi.sucks/"
          rel="noopener noreferrer"
          target="_blank"
        >
          <div
            class="sc-iBYQkv sc-kDvujY blHKRc faMXpT sc-iJnaPW"
            color="rgba(255,255,255, 0.87)"
          >
            Wonderland 
          </div>
        </a>
      </div>
    </div>
  </div>
</DocumentFragment>
`;
