// Vitest Snapshot v1

exports[`Seed Liquidity Page > Should render Liquidity Page 1`] = `
<DocumentFragment>
  <div
    class="sc-xWrgk eWVbZW"
  >
    <div
      class="sc-iBYQkv sc-jrcTuL blHKRc epIsAC sc-ipEyDJ sc-cUEOzv hhOCqg coitij"
      color="rgba(255,255,255, 0.87)"
    >
      <div
        class="sc-dWRHGJ kWLBGi"
      >
        <section
          class="sc-hTBuwn gtBEoM"
        >
          <div
            class="sc-iBYQkv sc-ftTHYK cWFtuj iZMgjB"
            color="rgba(255,255,255, 0.87)"
          >
            Select Token 
            <i
              class="sc-hBxehG botUXV picon-arrow-down"
              name="arrow-down"
              rotate="270"
            />
          </div>
          <div
            class="sc-gScZFl iKDxRj"
          >
            <section
              class="sc-fnGiBr cQqyKK"
            >
              <button
                class="sc-bcXHqe sc-gswNZR sc-dkrFOg ehpQtM XXtZw iigscx"
              >
                <div
                  class="sc-bjfHbI sc-iOeugr jWtslV huDETY"
                  src="https://assets.coingecko.com/coins/images/13469/thumb/1inch-token.png?1608803028"
                />
                <div
                  class="sc-iBYQkv sc-ftTHYK cWFtuj iZMgjB sc-eJDSGI jIACl"
                  color="rgba(255,255,255, 0.87)"
                >
                  1INCH
                </div>
                <i
                  class="sc-hBxehG dBvyuW picon-chevron-down"
                  name="chevron-down"
                  rotate="0"
                />
              </button>
            </section>
            <div
              class="sc-iBYQkv sc-ftTHYK blHKRc iZMgjB sc-lbVpMG kegqDg"
              color="rgba(255,255,255, 0.87)"
            >
              /
            </div>
            <div
              class="sc-iBYQkv sc-ftTHYK cWFtuj iZMgjB sc-jfTVlA eDLA-DW"
              color="rgba(255,255,255, 0.87)"
            >
              <div
                class="sc-bjfHbI kfgBnd"
                src="https://raw.githubusercontent.com/trustwallet/assets/master/blockchains/ethereum/assets/0xC02aaA39b223FE8D0A0e5C4F27eAD9083C756Cc2/logo.png"
              />
               WETH
            </div>
          </div>
        </section>
      </div>
      <div
        class="sc-dWRHGJ kWLBGi"
      >
        <section
          class="sc-hlLBRy cupkKQ"
        >
          <section
            class="sc-ckEbSK jvAOVV"
            data-testid="starting-price"
          >
            <div
              class="sc-iBYQkv sc-jrcTuL blHKRc epIsAC sc-fbYMXx bUmhyT"
              color="rgba(255,255,255, 0.87)"
            >
              Starting price
            </div>
            <div
              class="sc-jIILKH HlqRn"
            >
              <div
                class="sc-ZqFbI fOkuVg"
              >
                <div
                  class="sc-bjfHbI sc-fXqpFg hpEtXq vSisJ"
                  src="/src/assets/help.svg"
                />
              </div>
            </div>
            <div
              class="sc-iBYQkv sc-pyfCe blHKRc hMiFgy sc-GhhNo bNXkwo"
              color="rgba(255,255,255, 0.87)"
            >
              <div
                class="sc-fLcnxK"
              >
                <i
                  class="sc-hBxehG sc-bBABsx ccFtCM jFMzlb picon-loader"
                  data-testid="loader-icon"
                  name="loader"
                />
              </div>
            </div>
          </section>
          <section
            class="sc-ckEbSK jvAOVV"
            data-testid="token-rate"
          >
            <div
              class="sc-iBYQkv sc-jrcTuL blHKRc epIsAC sc-fbYMXx bUmhyT"
              color="rgba(255,255,255, 0.87)"
            >
              Rate
            </div>
            <div
              class="sc-iBYQkv sc-pyfCe blHKRc hMiFgy sc-GhhNo bNXkwo"
              color="rgba(255,255,255, 0.87)"
            >
              1 
              <div
                class="sc-iBYQkv sc-kDvujY gRZfHa faMXpT sc-bTTELM iNZVJH"
                color="rgba(255, 255, 255, 0.5)"
              >
                 ETH
              </div>
              <i
                class="sc-hBxehG botUXV picon-arrow-down"
                name="arrow-down"
                rotate="270"
              />
              <div
                class="sc-fLcnxK"
              >
                <i
                  class="sc-hBxehG sc-bBABsx ccFtCM jFMzlb picon-loader"
                  data-testid="loader-icon"
                  name="loader"
                />
              </div>
              <div
                class="sc-iBYQkv sc-kDvujY gRZfHa faMXpT sc-bTTELM iNZVJH"
                color="rgba(255, 255, 255, 0.5)"
              >
                1INCH
              </div>
            </div>
          </section>
          <section
            class="sc-ckEbSK jvAOVV"
            data-testid="feeTier-selected"
          >
            <div
              class="sc-iBYQkv sc-jrcTuL blHKRc epIsAC sc-fbYMXx bUmhyT"
              color="rgba(255,255,255, 0.87)"
            >
              Fee Tier
            </div>
            <div
              class="sc-iBYQkv sc-pyfCe blHKRc hMiFgy sc-GhhNo bNXkwo"
              color="rgba(255,255,255, 0.87)"
            >
              <div
                class="sc-fLcnxK"
              >
                <i
                  class="sc-hBxehG sc-bBABsx ccFtCM jFMzlb picon-loader"
                  data-testid="loader-icon"
                  name="loader"
                />
              </div>
            </div>
            <div
              class="sc-jIILKH HlqRn"
            >
              <div
                class="sc-ZqFbI fOkuVg"
              >
                <div
                  class="sc-bjfHbI sc-fXqpFg hpEtXq vSisJ"
                  src="/src/assets/help.svg"
                />
              </div>
            </div>
          </section>
        </section>
      </div>
      <section
        class="sc-bWOGAC hmfUkA"
      >
        <div
          class="sc-iBYQkv sc-ftTHYK cWFtuj iZMgjB sc-eGugkK dUXcNJ"
          color="rgba(255,255,255, 0.87)"
        >
          Deposit amounts
        </div>
        <div>
          <section
            class="sc-jTjUTQ fptopO"
          >
            <div
              class="sc-bjfHbI kfgBnd"
              src="https://raw.githubusercontent.com/trustwallet/assets/master/blockchains/ethereum/assets/0xC02aaA39b223FE8D0A0e5C4F27eAD9083C756Cc2/logo.png"
            />
            <input
              aria-label="weth amount"
              class="sc-hHTYSt sc-dmctIk sc-kgTSHT sc-fvEvSO fvoNMM jgGokt eICyMK"
              value="0"
            />
            <div
              class="sc-iBYQkv sc-jrcTuL blHKRc epIsAC sc-fcCDlF kfnjJj"
              color="rgba(255,255,255, 0.87)"
            >
              WETH
            </div>
          </section>
          <div
            class="sc-iBYQkv sc-kDvujY blHKRc faMXpT sc-csDkEv csRpWB"
            color="rgba(255,255,255, 0.87)"
          >
            <div
              class="sc-iBYQkv sc-kDvujY cWFtuj faMXpT sc-cwSeag sc-cZFQFd myFBD hvlzNE"
              color="rgba(255,255,255, 0.87)"
            >
              Balance: - WETH
            </div>
          </div>
        </div>
        <div>
          <section
            class="sc-jTjUTQ fptopO"
          >
            <div
              class="sc-bjfHbI sc-jRwbcX jWtslV dQNGgE"
              src="https://assets.coingecko.com/coins/images/13469/thumb/1inch-token.png?1608803028"
            />
            <input
              aria-label="token amount"
              class="sc-hHTYSt sc-dmctIk sc-kgTSHT sc-fvEvSO fvoNMM jgGokt eICyMK"
              value="0"
            />
            <div
              class="sc-iBYQkv sc-jrcTuL blHKRc epIsAC sc-fcCDlF kfnjJj"
              color="rgba(255,255,255, 0.87)"
            >
              <div
                class="sc-iBYQkv sc-jrcTuL blHKRc epIsAC"
                color="rgba(255,255,255, 0.87)"
              >
                1INCH
              </div>
            </div>
          </section>
          <div
            class="sc-iBYQkv sc-kDvujY blHKRc faMXpT sc-csDkEv csRpWB"
            color="rgba(255,255,255, 0.87)"
          >
            <div
              class="sc-iBYQkv sc-kDvujY cWFtuj faMXpT sc-cwSeag sc-cZFQFd myFBD hvlzNE"
              color="rgba(255,255,255, 0.87)"
            >
              Balance: - 1INCH
            </div>
          </div>
        </div>
      </section>
      <section
        class="sc-GKYbw iuZhAL"
      >
        <div
          class="sc-jIILKH HlqRn"
        >
          <div
            class="sc-ZqFbI fOkuVg"
          >
            <div
              class="sc-jSUZER dotgdq"
            >
              <button
                class="sc-bcXHqe sc-gswNZR sc-dkrFOg ehpQtM XXtZw iigscx sc-gKPRtg hQQRME sc-gsGlKL hRcfMZ"
                disabled=""
              >
                Create Oracle
              </button>
            </div>
          </div>
        </div>
      </section>
    </div>
  </div>
</DocumentFragment>
`;
